[78, 178, 9]
[79, 178, 9]
[80, 178, 9]
[81, 178, 9]
[82, 178, 9]
[83, 178, 9]
[84, 178, 9]
[85, 178, 9]
[86, 178, 9]
[87, 178, 9]
[88, 178, 9]
[98, 178, 9]
[99, 178, 9]
[77, 179, 9]
[78, 179, 9]
[79, 179, 9]
[80, 179, 9]
[81, 179, 9]
[82, 179, 9]
[83, 179, 9]
[84, 179, 9]
[85, 179, 9]
[86, 179, 9]
[96, 179, 9]
[97, 179, 9]
[98, 179, 9]
[99, 179, 9]
[100, 179, 9]
[76, 180, 9]
[77, 180, 9]
[78, 180, 9]
[79, 180, 9]
[80, 180, 9]
[81, 180, 9]
[82, 180, 9]
[83, 180, 9]
[84, 180, 9]
[95, 180, 9]
[96, 180, 9]
[97, 180, 9]
[98, 180, 9]
[99, 180, 9]
[100, 180, 9]
[103, 180, 9]
[104, 180, 9]
[105, 180, 9]
[106, 180, 9]
[107, 180, 9]
[108, 180, 9]
[76, 181, 9]
[77, 181, 9]
[78, 181, 9]
[79, 181, 9]
[80, 181, 9]
[81, 181, 9]
[82, 181, 9]
[94, 181, 9]
[95, 181, 9]
[96, 181, 9]
[97, 181, 9]
[98, 181, 9]
[99, 181, 9]
[100, 181, 9]
[101, 181, 9]
[102, 181, 9]
[103, 181, 9]
[104, 181, 9]
[105, 181, 9]
[106, 181, 9]
[107, 181, 9]
[75, 182, 9]
[76, 182, 9]
[77, 182, 9]
[78, 182, 9]
[79, 182, 9]
[80, 182, 9]
[89, 182, 9]
[90, 182, 9]
[91, 182, 9]
[95, 182, 9]
[96, 182, 9]
[97, 182, 9]
[98, 182, 9]
[99, 182, 9]
[100, 182, 9]
[101, 182, 9]
[102, 182, 9]
[103, 182, 9]
[104, 182, 9]
[105, 182, 9]
[106, 182, 9]
[109, 182, 9]
[74, 183, 9]
[75, 183, 9]
[76, 183, 9]
[77, 183, 9]
[78, 183, 9]
[79, 183, 9]
[81, 183, 9]
[87, 183, 9]
[88, 183, 9]
[89, 183, 9]
[90, 183, 9]
[91, 183, 9]
[93, 183, 9]
[94, 183, 9]
[95, 183, 9]
[96, 183, 9]
[97, 183, 9]
[98, 183, 9]
[99, 183, 9]
[100, 183, 9]
[101, 183, 9]
[103, 183, 9]
[104, 183, 9]
[105, 183, 9]
[106, 183, 9]
[108, 183, 9]
[109, 183, 9]
[75, 184, 9]
[76, 184, 9]
[77, 184, 9]
[78, 184, 9]
[79, 184, 9]
[81, 184, 9]
[82, 184, 9]
[83, 184, 9]
[85, 184, 9]
[86, 184, 9]
[87, 184, 9]
[88, 184, 9]
[89, 184, 9]
[90, 184, 9]
[91, 184, 9]
[92, 184, 9]
[93, 184, 9]
[94, 184, 9]
[95, 184, 9]
[96, 184, 9]
[97, 184, 9]
[98, 184, 9]
[99, 184, 9]
[100, 184, 9]
[101, 184, 9]
[102, 184, 9]
[103, 184, 9]
[104, 184, 9]
[105, 184, 9]
[108, 184, 9]
[109, 184, 9]
[110, 184, 9]
[75, 185, 9]
[76, 185, 9]
[77, 185, 9]
[78, 185, 9]
[79, 185, 9]
[83, 185, 9]
[84, 185, 9]
[85, 185, 9]
[86, 185, 9]
[87, 185, 9]
[88, 185, 9]
[89, 185, 9]
[90, 185, 9]
[91, 185, 9]
[92, 185, 9]
[93, 185, 9]
[94, 185, 9]
[95, 185, 9]
[96, 185, 9]
[97, 185, 9]
[98, 185, 9]
[99, 185, 9]
[100, 185, 9]
[101, 185, 9]
[102, 185, 9]
[104, 185, 9]
[107, 185, 9]
[108, 185, 9]
[109, 185, 9]
[110, 185, 9]
[75, 186, 9]
[76, 186, 9]
[77, 186, 9]
[78, 186, 9]
[79, 186, 9]
[84, 186, 9]
[85, 186, 9]
[86, 186, 9]
[87, 186, 9]
[88, 186, 9]
[89, 186, 9]
[90, 186, 9]
[91, 186, 9]
[92, 186, 9]
[93, 186, 9]
[94, 186, 9]
[95, 186, 9]
[96, 186, 9]
[97, 186, 9]
[98, 186, 9]
[99, 186, 9]
[100, 186, 9]
[101, 186, 9]
[102, 186, 9]
[103, 186, 9]
[107, 186, 9]
[108, 186, 9]
[109, 186, 9]
[110, 186, 9]
[111, 186, 9]
[76, 187, 9]
[77, 187, 9]
[78, 187, 9]
[79, 187, 9]
[80, 187, 9]
[81, 187, 9]
[86, 187, 9]
[87, 187, 9]
[88, 187, 9]
[89, 187, 9]
[90, 187, 9]
[91, 187, 9]
[92, 187, 9]
[93, 187, 9]
[94, 187, 9]
[95, 187, 9]
[96, 187, 9]
[97, 187, 9]
[98, 187, 9]
[99, 187, 9]
[100, 187, 9]
[101, 187, 9]
[102, 187, 9]
[103, 187, 9]
[104, 187, 9]
[107, 187, 9]
[108, 187, 9]
[109, 187, 9]
[110, 187, 9]
[111, 187, 9]
[76, 188, 9]
[77, 188, 9]
[78, 188, 9]
[79, 188, 9]
[80, 188, 9]
[81, 188, 9]
[82, 188, 9]
[83, 188, 9]
[87, 188, 9]
[88, 188, 9]
[89, 188, 9]
[90, 188, 9]
[91, 188, 9]
[92, 188, 9]
[93, 188, 9]
[94, 188, 9]
[95, 188, 9]
[96, 188, 9]
[97, 188, 9]
[98, 188, 9]
[99, 188, 9]
[100, 188, 9]
[101, 188, 9]
[102, 188, 9]
[103, 188, 9]
[104, 188, 9]
[107, 188, 9]
[108, 188, 9]
[109, 188, 9]
[110, 188, 9]
[111, 188, 9]
[112, 188, 9]
[78, 189, 9]
[79, 189, 9]
[80, 189, 9]
[81, 189, 9]
[82, 189, 9]
[83, 189, 9]
[84, 189, 9]
[89, 189, 9]
[90, 189, 9]
[92, 189, 9]
[93, 189, 9]
[94, 189, 9]
[95, 189, 9]
[96, 189, 9]
[97, 189, 9]
[98, 189, 9]
[100, 189, 9]
[101, 189, 9]
[102, 189, 9]
[103, 189, 9]
[104, 189, 9]
[105, 189, 9]
[108, 189, 9]
[109, 189, 9]
[110, 189, 9]
[111, 189, 9]
[112, 189, 9]
[79, 190, 9]
[80, 190, 9]
[81, 190, 9]
[82, 190, 9]
[83, 190, 9]
[84, 190, 9]
[85, 190, 9]
[86, 190, 9]
[91, 190, 9]
[92, 190, 9]
[93, 190, 9]
[94, 190, 9]
[95, 190, 9]
[96, 190, 9]
[97, 190, 9]
[98, 190, 9]
[101, 190, 9]
[102, 190, 9]
[103, 190, 9]
[104, 190, 9]
[105, 190, 9]
[107, 190, 9]
[108, 190, 9]
[109, 190, 9]
[110, 190, 9]
[111, 190, 9]
[112, 190, 9]
[81, 191, 9]
[82, 191, 9]
[83, 191, 9]
[84, 191, 9]
[85, 191, 9]
[86, 191, 9]
[87, 191, 9]
[89, 191, 9]
[90, 191, 9]
[91, 191, 9]
[92, 191, 9]
[93, 191, 9]
[94, 191, 9]
[95, 191, 9]
[96, 191, 9]
[97, 191, 9]
[98, 191, 9]
[102, 191, 9]
[103, 191, 9]
[107, 191, 9]
[108, 191, 9]
[109, 191, 9]
[110, 191, 9]
[111, 191, 9]
[82, 192, 9]
[83, 192, 9]
[84, 192, 9]
[85, 192, 9]
[86, 192, 9]
[88, 192, 9]
[89, 192, 9]
[90, 192, 9]
[91, 192, 9]
[92, 192, 9]
[93, 192, 9]
[94, 192, 9]
[95, 192, 9]
[96, 192, 9]
[97, 192, 9]
[107, 192, 9]
[108, 192, 9]
[109, 192, 9]
[110, 192, 9]
[111, 192, 9]
[81, 193, 9]
[82, 193, 9]
[83, 193, 9]
[84, 193, 9]
[85, 193, 9]
[86, 193, 9]
[87, 193, 9]
[88, 193, 9]
[89, 193, 9]
[90, 193, 9]
[91, 193, 9]
[92, 193, 9]
[93, 193, 9]
[94, 193, 9]
[95, 193, 9]
[96, 193, 9]
[97, 193, 9]
[106, 193, 9]
[107, 193, 9]
[108, 193, 9]
[109, 193, 9]
[110, 193, 9]
[80, 194, 9]
[81, 194, 9]
[82, 194, 9]
[83, 194, 9]
[84, 194, 9]
[85, 194, 9]
[86, 194, 9]
[87, 194, 9]
[88, 194, 9]
[89, 194, 9]
[90, 194, 9]
[91, 194, 9]
[93, 194, 9]
[94, 194, 9]
[95, 194, 9]
[96, 194, 9]
[106, 194, 9]
[107, 194, 9]
[108, 194, 9]
[109, 194, 9]
[110, 194, 9]
[79, 195, 9]
[80, 195, 9]
[81, 195, 9]
[82, 195, 9]
[83, 195, 9]
[84, 195, 9]
[85, 195, 9]
[86, 195, 9]
[87, 195, 9]
[88, 195, 9]
[89, 195, 9]
[90, 195, 9]
[92, 195, 9]
[93, 195, 9]
[94, 195, 9]
[95, 195, 9]
[96, 195, 9]
[97, 195, 9]
[98, 195, 9]
[99, 195, 9]
[100, 195, 9]
[101, 195, 9]
[102, 195, 9]
[103, 195, 9]
[104, 195, 9]
[105, 195, 9]
[106, 195, 9]
[107, 195, 9]
[108, 195, 9]
[109, 195, 9]
[110, 195, 9]
[79, 196, 9]
[80, 196, 9]
[81, 196, 9]
[82, 196, 9]
[83, 196, 9]
[84, 196, 9]
[85, 196, 9]
[86, 196, 9]
[87, 196, 9]
[88, 196, 9]
[89, 196, 9]
[92, 196, 9]
[93, 196, 9]
[94, 196, 9]
[95, 196, 9]
[96, 196, 9]
[97, 196, 9]
[98, 196, 9]
[99, 196, 9]
[100, 196, 9]
[101, 196, 9]
[102, 196, 9]
[103, 196, 9]
[104, 196, 9]
[105, 196, 9]
[106, 196, 9]
[107, 196, 9]
[108, 196, 9]
[109, 196, 9]
[81, 197, 9]
[82, 197, 9]
[83, 197, 9]
[84, 197, 9]
[85, 197, 9]
[86, 197, 9]
[87, 197, 9]
[88, 197, 9]
[92, 197, 9]
[93, 197, 9]
[94, 197, 9]
[95, 197, 9]
[96, 197, 9]
[97, 197, 9]
[98, 197, 9]
[99, 197, 9]
[100, 197, 9]
[101, 197, 9]
[102, 197, 9]
[103, 197, 9]
[104, 197, 9]
[105, 197, 9]
[106, 197, 9]
[107, 197, 9]
[108, 197, 9]
[109, 197, 9]
[85, 198, 9]
[86, 198, 9]
[93, 198, 9]
[94, 198, 9]
[95, 198, 9]
[96, 198, 9]
[97, 198, 9]
[98, 198, 9]
[99, 198, 9]
[100, 198, 9]
[101, 198, 9]
[102, 198, 9]
[103, 198, 9]
[104, 198, 9]
[105, 198, 9]
[106, 198, 9]
[107, 198, 9]
[108, 198, 9]
[94, 199, 9]
[95, 199, 9]
[96, 199, 9]
[97, 199, 9]
[98, 199, 9]
[99, 199, 9]
[100, 199, 9]
[101, 199, 9]
[102, 199, 9]
[103, 199, 9]
[104, 199, 9]
[105, 199, 9]
[106, 199, 9]
[107, 199, 9]
[108, 199, 9]
[95, 200, 9]
[96, 200, 9]
[97, 200, 9]
[98, 200, 9]
[99, 200, 9]
[100, 200, 9]
[101, 200, 9]
[102, 200, 9]
[103, 200, 9]
