{"geometry": {"type": "Polygon", "coordinates": [[[4.21875, 44.056011695785244], [4.21875, 44.02442151965933], [4.2626953125, 44.02442151965933], [4.2626953125, 44.056011695785244], [4.21875, 44.056011695785244]]]}, "type": "Feature", "properties": {}}
{"geometry": {"type": "Polygon", "coordinates": [[[4.21875, 43.86621800655638], [4.21875, 43.83452678223682], [4.2626953125, 43.83452678223682], [4.2626953125, 43.86621800655638], [4.21875, 43.86621800655638]]]}, "type": "Feature", "properties": {}}
{"geometry": {"type": "Polygon", "coordinates": [[[4.21875, 40.11168866559596], [4.21875, 40.07807142745009], [4.2626953125, 40.07807142745009], [4.2626953125, 40.11168866559596], [4.21875, 40.11168866559596]]]}, "type": "Feature", "properties": {}}
{"geometry": {"type": "Polygon", "coordinates": [[[4.042968749999999, 39.90973623453719], [4.042968749999999, 39.87601941962115], [4.086914062499999, 39.87601941962115], [4.086914062499999, 39.90973623453719], [4.042968749999999, 39.90973623453719]]]}, "type": "Feature", "properties": {}}
